::1 - - [05/Aug/2026 17:27:18] "GET /ClimbGame.html HTTP/1.1" 200 -
::1 - - [05/Aug/2026 17:27:38] "GET /ClimbGame.html HTTP/1.1" 304 -
::1 - - [05/Aug/2026 17:27:38] "GET /game_js.js HTTP/1.1" 200 -
::1 - - [05/Aug/2026 17:27:38] "GET /Flower2.glb HTTP/1.1" 304 -
::1 - - [05/Aug/2026 17:27:38] "GET /Flower.glb HTTP/1.1" 304 -
::1 - - [05/Aug/2026 17:27:38] "GET /WaterTestAssets/rocks.glb HTTP/1.1" 304 -
::1 - - [05/Aug/2026 17:27:38] "GET /VillageModel/Tree.glb HTTP/1.1" 304 -
::1 - - [05/Aug/2026 17:27:38] "GET /VillageModel/Village.glb HTTP/1.1" 304 -
::1 - - [05/Aug/2026 17:27:38] "GET /WaterTestAssets/terrain.glb HTTP/1.1" 304 -
::1 - - [05/Aug/2026 17:27:38] "GET /ground.jpg HTTP/1.1" 304 -
::1 - - [05/Aug/2026 17:27:39] code 404, message File not found
::1 - - [05/Aug/2026 17:27:39] "GET /favicon.ico HTTP/1.1" 404 -
::1 - - [05/Aug/2026 17:28:53] "GET /sw.js HTTP/1.1" 304 -
::1 - - [05/Aug/2026 17:30:26] "GET /game_js.js HTTP/1.1" 200 -
::1 - - [05/Aug/2026 17:31:44] "GET /sw.js HTTP/1.1" 304 -
::1 - - [05/Aug/2026 18:44:33] "GET /ClimbGame.html HTTP/1.1" 304 -
::1 - - [05/Aug/2026 18:44:33] "GET /game_js.js HTTP/1.1" 200 -
::1 - - [05/Aug/2026 18:44:34] "GET /grass2.png HTTP/1.1" 304 -
::1 - - [05/Aug/2026 18:44:34] "GET /grass3.png HTTP/1.1" 304 -
::1 - - [05/Aug/2026 18:45:36] "GET /sw.js HTTP/1.1" 304 -
::1 - - [05/Aug/2026 18:47:27] "GET /ClimbGame.html HTTP/1.1" 304 -
::1 - - [05/Aug/2026 18:47:27] "GET /game_js.js HTTP/1.1" 304 -
::1 - - [05/Aug/2026 18:47:27] "GET /VillageModel/Tree.glb HTTP/1.1" 304 -
::1 - - [05/Aug/2026 18:48:52] "GET /sw.js HTTP/1.1" 304 -
::1 - - [05/Aug/2026 18:49:22] "GET /ClimbGame.html HTTP/1.1" 304 -
::1 - - [05/Aug/2026 18:49:22] "GET /game_js.js HTTP/1.1" 304 -
::1 - - [05/Aug/2026 18:50:22] "GET /sw.js HTTP/1.1" 304 -
::1 - - [05/Aug/2026 18:51:28] "GET /game_js.js HTTP/1.1" 200 -
::1 - - [05/Aug/2026 18:51:52] "GET /sw.js HTTP/1.1" 304 -
::1 - - [05/Aug/2026 18:52:02] "GET /ClimbGame.html HTTP/1.1" 200 -
::1 - - [05/Aug/2026 18:52:40] "GET /ClimbGame.html?blocks=30 HTTP/1.1" 200 -
::1 - - [05/Aug/2026 18:52:40] "GET /game_js.js HTTP/1.1" 304 -
::1 - - [05/Aug/2026 18:53:18] "GET /sw.js HTTP/1.1" 304 -
::1 - - [05/Aug/2026 18:53:28] "GET /ClimbGame.html?blocks=30&nodither=1 HTTP/1.1" 200 -
::1 - - [05/Aug/2026 18:53:28] "GET /game_js.js HTTP/1.1" 304 -
::1 - - [05/Aug/2026 18:53:32] "GET /sw.js HTTP/1.1" 304 -
::1 - - [05/Aug/2026 18:54:51] "GET /game_js.js HTTP/1.1" 304 -
::1 - - [05/Aug/2026 18:55:34] "GET /sw.js HTTP/1.1" 304 -
::1 - - [05/Aug/2026 18:56:56] "GET /ClimbGame.html?blocks=100 HTTP/1.1" 200 -
::1 - - [05/Aug/2026 18:56:56] "GET /game_js.js HTTP/1.1" 200 -
::1 - - [05/Aug/2026 18:57:47] "GET /ClimbGame.html?blocks=100&noblockshadow=1 HTTP/1.1" 200 -
::1 - - [05/Aug/2026 18:57:48] "GET /game_js.js HTTP/1.1" 304 -
::1 - - [05/Aug/2026 18:58:56] "GET /sw.js HTTP/1.1" 304 -
::1 - - [05/Aug/2026 19:54:09] "GET /game_js.js HTTP/1.1" 200 -
::1 - - [05/Aug/2026 19:54:09] "GET /Flower.glb HTTP/1.1" 304 -
::1 - - [05/Aug/2026 19:54:09] "GET /Flower2.glb HTTP/1.1" 304 -
::1 - - [05/Aug/2026 19:54:10] "GET /ground.jpg HTTP/1.1" 304 -
::1 - - [05/Aug/2026 19:55:26] "GET /sw.js HTTP/1.1" 304 -
::1 - - [05/Aug/2026 20:13:36] "GET /ClimbGame.html HTTP/1.1" 304 -
::1 - - [05/Aug/2026 20:13:36] "GET /game_js.js HTTP/1.1" 200 -
::1 - - [05/Aug/2026 20:13:37] "GET /VillageModel/Tree.glb HTTP/1.1" 304 -
::1 - - [05/Aug/2026 20:14:53] "GET /sw.js HTTP/1.1" 304 -
::1 - - [05/Aug/2026 20:15:50] "GET /game_js.js HTTP/1.1" 200 -
::1 - - [05/Aug/2026 20:17:08] "GET /sw.js HTTP/1.1" 304 -
::1 - - [05/Aug/2026 20:25:13] "GET /game_js.js HTTP/1.1" 200 -
::1 - - [05/Aug/2026 20:26:07] "GET /ClimbGame.html?nosnap=1 HTTP/1.1" 200 -
::1 - - [05/Aug/2026 20:26:07] "GET /game_js.js HTTP/1.1" 304 -
::1 - - [05/Aug/2026 20:27:08] "GET /sw.js HTTP/1.1" 304 -
::1 - - [05/Aug/2026 20:27:48] "GET /ClimbGame.html?dirboost=1 HTTP/1.1" 200 -
::1 - - [05/Aug/2026 20:27:48] "GET /game_js.js HTTP/1.1" 200 -
::1 - - [05/Aug/2026 20:28:49] "GET /sw.js HTTP/1.1" 304 -
::1 - - [05/Aug/2026 20:31:25] "GET /game_js.js HTTP/1.1" 200 -
::1 - - [05/Aug/2026 20:32:26] "GET /sw.js HTTP/1.1" 304 -
::1 - - [05/Aug/2026 21:11:49] "GET /game_js.js HTTP/1.1" 200 -
::1 - - [05/Aug/2026 21:12:50] "GET /sw.js HTTP/1.1" 304 -
::1 - - [05/Aug/2026 21:18:13] "GET /ClimbGame.html HTTP/1.1" 200 -
::1 - - [05/Aug/2026 21:18:13] "GET /game_js.js HTTP/1.1" 304 -
::1 - - [05/Aug/2026 21:18:27] "GET /sw.js HTTP/1.1" 304 -
::1 - - [05/Aug/2026 21:45:01] "GET /ClimbGame.html HTTP/1.1" 200 -
::1 - - [05/Aug/2026 21:45:01] "GET /game_js.js HTTP/1.1" 200 -
::1 - - [05/Aug/2026 21:45:02] "GET /VillageModel/Village.glb HTTP/1.1" 304 -
::1 - - [05/Aug/2026 21:46:02] "GET /sw.js HTTP/1.1" 304 -
::1 - - [05/Aug/2026 21:46:29] "GET /ClimbGame.html?bias=0.012 HTTP/1.1" 200 -
::1 - - [05/Aug/2026 21:46:30] "GET /game_js.js HTTP/1.1" 200 -
::1 - - [05/Aug/2026 21:47:30] "GET /sw.js HTTP/1.1" 304 -
::1 - - [05/Aug/2026 21:48:01] "GET /ClimbGame.html?range=100 HTTP/1.1" 200 -
::1 - - [05/Aug/2026 21:48:02] "GET /game_js.js HTTP/1.1" 200 -
::1 - - [05/Aug/2026 21:48:02] "GET /VillageModel/Tree.glb HTTP/1.1" 304 -
::1 - - [05/Aug/2026 21:49:03] "GET /sw.js HTTP/1.1" 304 -
::1 - - [06/Aug/2026 02:37:20] "GET /ClimbGame.html HTTP/1.1" 200 -
